<?xml version="1.0" encoding="utf-8"?>
<unattend xmlns:wcm="http://schemas.microsoft.com/WMIConfig/2002/State" xmlns:xsi="http://www.w3.org/2001/XMLSchema-instance" xmlns="urn:schemas-microsoft-com:unattend">
  <settings pass="specialize">
    <component name="Microsoft-Windows-International-Core" processorArchitecture="amd64" publicKeyToken="31bf3856ad364e35" language="neutral" versionScope="nonSxS">
      <InputLocale>en-US</InputLocale>
      <SystemLocale>en-US</SystemLocale>
      <UILanguage>en-US</UILanguage>
      <UserLocale>en-US</UserLocale>
    </component>
  </settings>
  <settings pass="oobeSystem">
    <component name="Microsoft-Windows-International-Core" processorArchitecture="amd64" publicKeyToken="31bf3856ad364e35" language="neutral" versionScope="nonSxS">
      <InputLocale>en-US</InputLocale>
      <SystemLocale>en-US</SystemLocale>
      <UILanguage>en-US</UILanguage>
      <UserLocale>en-US</UserLocale>
    </component>
    <component name="Microsoft-Windows-Shell-Setup" processorArchitecture="amd64" publicKeyToken="31bf3856ad364e35" language="neutral" versionScope="nonSxS">
      <UserAccounts>
        <AdministratorPassword>
          <Value>UABhAHMAcwB3AG8AcgBkADEAMgAzAFAAYQBzAHMAdwBvAHIAZAA=</Value>
          <PlainText>false</PlainText>
        </AdministratorPassword>
      </UserAccounts>
      <OOBE>
        <ProtectYourPC>1</ProtectYourPC>
        <HideEULAPage>true</HideEULAPage>
        <HideLocalAccountScreen>false</HideLocalAccountScreen>
        <HideOEMRegistrationScreen>true</HideOEMRegistrationScreen>
        <HideOnlineAccountScreens>false</HideOnlineAccountScreens>
        <HideWirelessSetupInOOBE>false</HideWirelessSetupInOOBE>
      </OOBE>
      <TimeZone>Pacific Standard Time</TimeZone>
      <FirstLogonCommands />
    </component>
  </settings>
</unattend>